// Jest Snapshot v1, https://goo.gl/fbAQLP

exports[`HeaderLink Component when nothing specified should render correctly 1`] = `
<Link
  passHref={true}
>
  <styled.a>
    Click Me
  </styled.a>
</Link>
`;
