// Jest Snapshot v1, https://goo.gl/fbAQLP

exports[`Heading Component when nothing specified should render correctly 1`] = `
<styled.h2
  color="dark"
  size="medium"
>
  Hello
</styled.h2>
`;
